// Vitest Snapshot v1

exports[`ResultCharts > should render as expected 1`] = `
<vue-apex-chart-stub
  height="auto"
  options="[object Object]"
  series="[object Object],[object Object],[object Object]"
  type="bar"
  width="500"
/>
`;
