// Vitest Snapshot v1

exports[`TheResult > should render as expected 1`] = `
<n-space-stub
  data-v-b08c5da8=""
  inline="false"
  justify="start"
  size="medium"
  vertical="true"
  wrap="true"
  wrapitem="true"
/>
`;
